<html>
  <head>
  </head>
  <body>
    <svg width="60" height="60" viewBox="0 0 60 60"><path fill="#000" d="M0 0h60v60H0z" fill-rule="evenodd"/></svg>
  </body>
</html>
