<html>
  <head>
  </head>
  <body>
    <img src="data:image/png;base64,iVBORw0KGgoAAAANSUhEUgAAADwAAAA8CAYAAAA6/NlyAAAAAXNSR0IArs4c6QAAAKtJREFUaAXt0rERwDAMw0A5+++cuEiHDSD4Tg078n1m5r235j1rmv5FK2wXTzhh2QJ9aRko6iSMSWRBwjJQ1EkYk8iChGWgqJMwJpEFCctAUSdhTCILEpaBok7CmEQWJCwDRZ2EMYksSFgGijoJYxJZkLAMFHUSxiSyIGEZKOokjElkQcIyUNRJGJPIgoRloKiTMCaRBQnLQFEnYUwiCxKWgaJOwphEFqwT/gC5HwF3y7W1swAAAABJRU5ErkJggg=="/>
  </body>
</html>